Copyright 1986-2019 Xilinx, Inc. All Rights Reserved.
-----------------------------------------------------------------------------------------------------------------------------
| Tool Version : Vivado v.2019.1 (win64) Build 2552052 Fri May 24 14:49:42 MDT 2019
<<<<<<< Updated upstream
| Date         : Thu Nov 27 11:19:33 2025
=======
| Date         : Tue Dec 30 12:47:31 2025
>>>>>>> Stashed changes
| Host         : TOR00094 running 64-bit major release  (build 9200)
| Command      : report_utilization -file design_1_wrapper_utilization_placed.rpt -pb design_1_wrapper_utilization_placed.pb
| Design       : design_1_wrapper
| Device       : 7k325tffg676-2
| Design State : Fully Placed
-----------------------------------------------------------------------------------------------------------------------------

Utilization Design Information

Table of Contents
-----------------
1. Slice Logic
1.1 Summary of Registers by Type
2. Slice Logic Distribution
3. Memory
4. DSP
5. IO and GT Specific
6. Clocking
7. Specific Feature
8. Primitives
9. Black Boxes
10. Instantiated Netlists

1. Slice Logic
--------------

+----------------------------+-------+-------+-----------+-------+
|          Site Type         |  Used | Fixed | Available | Util% |
+----------------------------+-------+-------+-----------+-------+
<<<<<<< Updated upstream
| Slice LUTs                 | 43498 |     0 |    203800 | 21.34 |
|   LUT as Logic             | 39553 |     0 |    203800 | 19.41 |
|   LUT as Memory            |  3945 |     0 |     64000 |  6.16 |
|     LUT as Distributed RAM |  1318 |     0 |           |       |
|     LUT as Shift Register  |  2627 |     0 |           |       |
| Slice Registers            | 64239 |    11 |    407600 | 15.76 |
|   Register as Flip Flop    | 64239 |    11 |    407600 | 15.76 |
|   Register as Latch        |     0 |     0 |    407600 |  0.00 |
| F7 Muxes                   |   983 |     0 |    101900 |  0.96 |
| F8 Muxes                   |   100 |     0 |     50950 |  0.20 |
=======
| Slice LUTs                 | 43467 |     0 |    203800 | 21.33 |
|   LUT as Logic             | 39780 |     0 |    203800 | 19.52 |
|   LUT as Memory            |  3687 |     0 |     64000 |  5.76 |
|     LUT as Distributed RAM |  1318 |     0 |           |       |
|     LUT as Shift Register  |  2369 |     0 |           |       |
| Slice Registers            | 64591 |    11 |    407600 | 15.85 |
|   Register as Flip Flop    | 64591 |    11 |    407600 | 15.85 |
|   Register as Latch        |     0 |     0 |    407600 |  0.00 |
| F7 Muxes                   |   947 |     0 |    101900 |  0.93 |
| F8 Muxes                   |   156 |     0 |     50950 |  0.31 |
>>>>>>> Stashed changes
+----------------------------+-------+-------+-----------+-------+


1.1 Summary of Registers by Type
--------------------------------

+-------+--------------+-------------+--------------+
| Total | Clock Enable | Synchronous | Asynchronous |
+-------+--------------+-------------+--------------+
| 0     |            _ |           - |            - |
| 0     |            _ |           - |          Set |
| 0     |            _ |           - |        Reset |
| 0     |            _ |         Set |            - |
| 0     |            _ |       Reset |            - |
| 0     |          Yes |           - |            - |
<<<<<<< Updated upstream
| 177   |          Yes |           - |          Set |
| 5085  |          Yes |           - |        Reset |
| 2446  |          Yes |         Set |            - |
| 56535 |          Yes |       Reset |            - |
=======
| 178   |          Yes |           - |          Set |
| 5127  |          Yes |           - |        Reset |
| 2441  |          Yes |         Set |            - |
| 56849 |          Yes |       Reset |            - |
>>>>>>> Stashed changes
+-------+--------------+-------------+--------------+


2. Slice Logic Distribution
---------------------------

+--------------------------------------------+-------+-------+-----------+-------+
|                  Site Type                 |  Used | Fixed | Available | Util% |
+--------------------------------------------+-------+-------+-----------+-------+
<<<<<<< Updated upstream
| Slice                                      | 17723 |     0 |     50950 | 34.79 |
|   SLICEL                                   | 11820 |     0 |           |       |
|   SLICEM                                   |  5903 |     0 |           |       |
| LUT as Logic                               | 39553 |     0 |    203800 | 19.41 |
|   using O5 output only                     |    67 |       |           |       |
|   using O6 output only                     | 33091 |       |           |       |
|   using O5 and O6                          |  6395 |       |           |       |
| LUT as Memory                              |  3945 |     0 |     64000 |  6.16 |
=======
| Slice                                      | 17704 |     0 |     50950 | 34.75 |
|   SLICEL                                   | 11885 |     0 |           |       |
|   SLICEM                                   |  5819 |     0 |           |       |
| LUT as Logic                               | 39780 |     0 |    203800 | 19.52 |
|   using O5 output only                     |    66 |       |           |       |
|   using O6 output only                     | 33198 |       |           |       |
|   using O5 and O6                          |  6516 |       |           |       |
| LUT as Memory                              |  3687 |     0 |     64000 |  5.76 |
>>>>>>> Stashed changes
|   LUT as Distributed RAM                   |  1318 |     0 |           |       |
|     using O5 output only                   |     0 |       |           |       |
|     using O6 output only                   |  1114 |       |           |       |
|     using O5 and O6                        |   204 |       |           |       |
<<<<<<< Updated upstream
|   LUT as Shift Register                    |  2627 |     0 |           |       |
|     using O5 output only                   |   137 |       |           |       |
|     using O6 output only                   |   948 |       |           |       |
|     using O5 and O6                        |  1542 |       |           |       |
| Slice Registers                            | 64239 |     0 |    407600 | 15.76 |
|   Register driven from within the Slice    | 39851 |       |           |       |
|   Register driven from outside the Slice   | 24388 |       |           |       |
|     LUT in front of the register is unused | 16145 |       |           |       |
|     LUT in front of the register is used   |  8243 |       |           |       |
| Unique Control Sets                        |  1744 |       |     50950 |  3.42 |
=======
|   LUT as Shift Register                    |  2369 |     0 |           |       |
|     using O5 output only                   |   147 |       |           |       |
|     using O6 output only                   |   739 |       |           |       |
|     using O5 and O6                        |  1483 |       |           |       |
| Slice Registers                            | 64591 |     0 |    407600 | 15.85 |
|   Register driven from within the Slice    | 40311 |       |           |       |
|   Register driven from outside the Slice   | 24280 |       |           |       |
|     LUT in front of the register is unused | 17108 |       |           |       |
|     LUT in front of the register is used   |  7172 |       |           |       |
| Unique Control Sets                        |  1767 |       |     50950 |  3.47 |
>>>>>>> Stashed changes
+--------------------------------------------+-------+-------+-----------+-------+
* Note: Available Control Sets calculated as Slice Registers / 8, Review the Control Sets Report for more information regarding control sets.


3. Memory
---------

+-------------------+-------+-------+-----------+-------+
|     Site Type     |  Used | Fixed | Available | Util% |
+-------------------+-------+-------+-----------+-------+
<<<<<<< Updated upstream
| Block RAM Tile    | 220.5 |     0 |       445 | 49.55 |
|   RAMB36/FIFO*    |   180 |     0 |       445 | 40.45 |
|     RAMB36E1 only |   180 |       |           |       |
=======
| Block RAM Tile    | 134.5 |     0 |       445 | 30.22 |
|   RAMB36/FIFO*    |    94 |     0 |       445 | 21.12 |
|     RAMB36E1 only |    94 |       |           |       |
>>>>>>> Stashed changes
|   RAMB18          |    81 |     0 |       890 |  9.10 |
|     RAMB18E1 only |    81 |       |           |       |
+-------------------+-------+-------+-----------+-------+
* Note: Each Block RAM Tile only has one FIFO logic available and therefore can accommodate only one FIFO36E1 or one FIFO18E1. However, if a FIFO18E1 occupies a Block RAM Tile, that tile can still accommodate a RAMB18E1


4. DSP
------

+----------------+------+-------+-----------+-------+
|    Site Type   | Used | Fixed | Available | Util% |
+----------------+------+-------+-----------+-------+
| DSPs           |   69 |     0 |       840 |  8.21 |
|   DSP48E1 only |   69 |       |           |       |
+----------------+------+-------+-----------+-------+


5. IO and GT Specific
---------------------

+-----------------------------+------+-------+-----------+-------+
|          Site Type          | Used | Fixed | Available | Util% |
+-----------------------------+------+-------+-----------+-------+
| Bonded IOB                  |  225 |   225 |       400 | 56.25 |
|   IOB Master Pads           |  112 |       |           |       |
|   IOB Slave Pads            |  110 |       |           |       |
|   IOB Flip Flops            |    4 |     4 |           |       |
| Bonded IPADs                |    0 |     0 |        26 |  0.00 |
| Bonded OPADs                |    0 |     0 |        16 |  0.00 |
| PHY_CONTROL                 |    0 |     0 |        10 |  0.00 |
| PHASER_REF                  |    0 |     0 |        10 |  0.00 |
| OUT_FIFO                    |    0 |     0 |        40 |  0.00 |
| IN_FIFO                     |    0 |     0 |        40 |  0.00 |
| IDELAYCTRL                  |    5 |     0 |        10 | 50.00 |
| IBUFDS                      |   32 |    32 |       384 |  8.33 |
| GTXE2_COMMON                |    0 |     0 |         2 |  0.00 |
| GTXE2_CHANNEL               |    0 |     0 |         8 |  0.00 |
| PHASER_OUT/PHASER_OUT_PHY   |    0 |     0 |        40 |  0.00 |
| PHASER_IN/PHASER_IN_PHY     |    0 |     0 |        40 |  0.00 |
| IDELAYE2/IDELAYE2_FINEDELAY |   45 |    45 |       500 |  9.00 |
|   IDELAYE2 only             |   45 |    45 |           |       |
| ODELAYE2/ODELAYE2_FINEDELAY |    0 |     0 |       150 |  0.00 |
| IBUFDS_GTE2                 |    0 |     0 |         4 |  0.00 |
| ILOGIC                      |   45 |    45 |       400 | 11.25 |
|   IFF_IDDR_Register         |   45 |    45 |           |       |
| OLOGIC                      |   62 |    62 |       400 | 15.50 |
|   OUTFF_Register            |    4 |     4 |           |       |
|   OUTFF_ODDR_Register       |   58 |    58 |           |       |
+-----------------------------+------+-------+-----------+-------+


6. Clocking
-----------

+------------+------+-------+-----------+-------+
|  Site Type | Used | Fixed | Available | Util% |
+------------+------+-------+-----------+-------+
| BUFGCTRL   |   18 |     0 |        32 | 56.25 |
| BUFIO      |    0 |     0 |        40 |  0.00 |
| MMCME2_ADV |    4 |     0 |        10 | 40.00 |
| PLLE2_ADV  |    1 |     0 |        10 | 10.00 |
| BUFMRCE    |    0 |     0 |        20 |  0.00 |
| BUFHCE     |    0 |     0 |       168 |  0.00 |
| BUFR       |    2 |     0 |        40 |  5.00 |
+------------+------+-------+-----------+-------+


7. Specific Feature
-------------------

+-------------+------+-------+-----------+-------+
|  Site Type  | Used | Fixed | Available | Util% |
+-------------+------+-------+-----------+-------+
| BSCANE2     |    1 |     0 |         4 | 25.00 |
| CAPTUREE2   |    0 |     0 |         1 |  0.00 |
| DNA_PORT    |    0 |     0 |         1 |  0.00 |
| EFUSE_USR   |    0 |     0 |         1 |  0.00 |
| FRAME_ECCE2 |    0 |     0 |         1 |  0.00 |
| ICAPE2      |    0 |     0 |         2 |  0.00 |
| PCIE_2_1    |    0 |     0 |         1 |  0.00 |
| STARTUPE2   |    0 |     0 |         1 |  0.00 |
| XADC        |    0 |     0 |         1 |  0.00 |
+-------------+------+-------+-----------+-------+


8. Primitives
-------------

+------------+-------+---------------------+
|  Ref Name  |  Used | Functional Category |
+------------+-------+---------------------+
<<<<<<< Updated upstream
| FDRE       | 56535 |        Flop & Latch |
| LUT3       | 14448 |                 LUT |
| LUT2       | 11861 |                 LUT |
| LUT6       |  9242 |                 LUT |
| CARRY4     |  5606 |          CarryLogic |
| FDCE       |  5085 |        Flop & Latch |
| LUT5       |  4651 |                 LUT |
| LUT4       |  4412 |                 LUT |
| SRL16E     |  3381 |  Distributed Memory |
| FDSE       |  2446 |        Flop & Latch |
| LUT1       |  1334 |                 LUT |
| RAMD64E    |  1056 |  Distributed Memory |
| MUXF7      |   983 |               MuxFx |
| SRLC32E    |   786 |  Distributed Memory |
| RAMD32     |   360 |  Distributed Memory |
| RAMB36E1   |   180 |        Block Memory |
| FDPE       |   177 |        Flop & Latch |
| MUXF8      |   100 |               MuxFx |
=======
| FDRE       | 56849 |        Flop & Latch |
| LUT3       | 14448 |                 LUT |
| LUT2       | 11886 |                 LUT |
| LUT6       |  9088 |                 LUT |
| CARRY4     |  5712 |          CarryLogic |
| FDCE       |  5127 |        Flop & Latch |
| LUT4       |  4752 |                 LUT |
| LUT5       |  4730 |                 LUT |
| SRL16E     |  3287 |  Distributed Memory |
| FDSE       |  2441 |        Flop & Latch |
| LUT1       |  1392 |                 LUT |
| RAMD64E    |  1056 |  Distributed Memory |
| MUXF7      |   947 |               MuxFx |
| SRLC32E    |   563 |  Distributed Memory |
| RAMD32     |   360 |  Distributed Memory |
| FDPE       |   178 |        Flop & Latch |
| MUXF8      |   156 |               MuxFx |
| RAMB36E1   |    94 |        Block Memory |
>>>>>>> Stashed changes
| RAMB18E1   |    81 |        Block Memory |
| DSP48E1    |    69 |    Block Arithmetic |
| OBUF       |    65 |                  IO |
| RAMS32     |    58 |  Distributed Memory |
| ODDR       |    58 |                  IO |
| RAMS64E    |    48 |  Distributed Memory |
| IDELAYE2   |    45 |                  IO |
| IDDR       |    45 |                  IO |
| OBUFDS     |    32 |                  IO |
| IBUFDS     |    32 |                  IO |
| IBUF       |    32 |                  IO |
| BUFG       |    17 |               Clock |
| IDELAYCTRL |     5 |                  IO |
| MMCME2_ADV |     4 |               Clock |
| SRLC16E    |     2 |  Distributed Memory |
| BUFR       |     2 |               Clock |
| PLLE2_ADV  |     1 |               Clock |
| BUFGCTRL   |     1 |               Clock |
| BSCANE2    |     1 |              Others |
+------------+-------+---------------------+


9. Black Boxes
--------------

+----------+------+
| Ref Name | Used |
+----------+------+


10. Instantiated Netlists
-------------------------

+----------+------+
| Ref Name | Used |
+----------+------+
| u_ila_0  |    1 |
| dbg_hub  |    1 |
+----------+------+


